Archive member included to satisfy reference by file (symbol)

c:/st/stm32cubeide_1.7.0/stm32cubeide/plugins/com.st.stm32cube.ide.mcu.externaltools.gnu-tools-for-stm32.9-2020-q2-update.win32_2.0.0.202105311346/tools/bin/../lib/gcc/arm-none-eabi/9.3.1/../../../../arm-none-eabi/lib/thumb/v7-m/nofp\libc_nano.a(lib_a-errno.o)
                              ./Core/Src/syscalls.o (__errno)
c:/st/stm32cubeide_1.7.0/stm32cubeide/plugins/com.st.stm32cube.ide.mcu.externaltools.gnu-tools-for-stm32.9-2020-q2-update.win32_2.0.0.202105311346/tools/bin/../lib/gcc/arm-none-eabi/9.3.1/../../../../arm-none-eabi/lib/thumb/v7-m/nofp\libc_nano.a(lib_a-exit.o)
                              c:/st/stm32cubeide_1.7.0/stm32cubeide/plugins/com.st.stm32cube.ide.mcu.externaltools.gnu-tools-for-stm32.9-2020-q2-update.win32_2.0.0.202105311346/tools/bin/../lib/gcc/arm-none-eabi/9.3.1/../../../../arm-none-eabi/lib/thumb/v7-m/nofp/crt0.o (exit)
c:/st/stm32cubeide_1.7.0/stm32cubeide/plugins/com.st.stm32cube.ide.mcu.externaltools.gnu-tools-for-stm32.9-2020-q2-update.win32_2.0.0.202105311346/tools/bin/../lib/gcc/arm-none-eabi/9.3.1/../../../../arm-none-eabi/lib/thumb/v7-m/nofp\libc_nano.a(lib_a-impure.o)
                              c:/st/stm32cubeide_1.7.0/stm32cubeide/plugins/com.st.stm32cube.ide.mcu.externaltools.gnu-tools-for-stm32.9-2020-q2-update.win32_2.0.0.202105311346/tools/bin/../lib/gcc/arm-none-eabi/9.3.1/../../../../arm-none-eabi/lib/thumb/v7-m/nofp\libc_nano.a(lib_a-exit.o) (_global_impure_ptr)
c:/st/stm32cubeide_1.7.0/stm32cubeide/plugins/com.st.stm32cube.ide.mcu.externaltools.gnu-tools-for-stm32.9-2020-q2-update.win32_2.0.0.202105311346/tools/bin/../lib/gcc/arm-none-eabi/9.3.1/../../../../arm-none-eabi/lib/thumb/v7-m/nofp\libc_nano.a(lib_a-init.o)
                              c:/st/stm32cubeide_1.7.0/stm32cubeide/plugins/com.st.stm32cube.ide.mcu.externaltools.gnu-tools-for-stm32.9-2020-q2-update.win32_2.0.0.202105311346/tools/bin/../lib/gcc/arm-none-eabi/9.3.1/../../../../arm-none-eabi/lib/thumb/v7-m/nofp/crt0.o (__libc_init_array)
c:/st/stm32cubeide_1.7.0/stm32cubeide/plugins/com.st.stm32cube.ide.mcu.externaltools.gnu-tools-for-stm32.9-2020-q2-update.win32_2.0.0.202105311346/tools/bin/../lib/gcc/arm-none-eabi/9.3.1/../../../../arm-none-eabi/lib/thumb/v7-m/nofp\libc_nano.a(lib_a-memset.o)
                              c:/st/stm32cubeide_1.7.0/stm32cubeide/plugins/com.st.stm32cube.ide.mcu.externaltools.gnu-tools-for-stm32.9-2020-q2-update.win32_2.0.0.202105311346/tools/bin/../lib/gcc/arm-none-eabi/9.3.1/../../../../arm-none-eabi/lib/thumb/v7-m/nofp/crt0.o (memset)

Allocating common symbols
Common symbol       size              file

uwTick              0x4               ./Drivers/STM32F1xx_HAL_Driver/Src/stm32f1xx_hal.o
pFlash              0x20              ./Drivers/STM32F1xx_HAL_Driver/Src/stm32f1xx_hal_flash.o
htim2               0x48              ./Core/Src/main.o

Discarded input sections

 .text          0x0000000000000000        0x0 c:/st/stm32cubeide_1.7.0/stm32cubeide/plugins/com.st.stm32cube.ide.mcu.externaltools.gnu-tools-for-stm32.9-2020-q2-update.win32_2.0.0.202105311346/tools/bin/../lib/gcc/arm-none-eabi/9.3.1/thumb/v7-m/nofp/crti.o
 .data          0x0000000000000000        0x0 c:/st/stm32cubeide_1.7.0/stm32cubeide/plugins/com.st.stm32cube.ide.mcu.externaltools.gnu-tools-for-stm32.9-2020-q2-update.win32_2.0.0.202105311346/tools/bin/../lib/gcc/arm-none-eabi/9.3.1/thumb/v7-m/nofp/crti.o
 .bss           0x0000000000000000        0x0 c:/st/stm32cubeide_1.7.0/stm32cubeide/plugins/com.st.stm32cube.ide.mcu.externaltools.gnu-tools-for-stm32.9-2020-q2-update.win32_2.0.0.202105311346/tools/bin/../lib/gcc/arm-none-eabi/9.3.1/thumb/v7-m/nofp/crti.o
 .data          0x0000000000000000        0x4 c:/st/stm32cubeide_1.7.0/stm32cubeide/plugins/com.st.stm32cube.ide.mcu.externaltools.gnu-tools-for-stm32.9-2020-q2-update.win32_2.0.0.202105311346/tools/bin/../lib/gcc/arm-none-eabi/9.3.1/thumb/v7-m/nofp/crtbegin.o
 .text          0x0000000000000000       0x7c c:/st/stm32cubeide_1.7.0/stm32cubeide/plugins/com.st.stm32cube.ide.mcu.externaltools.gnu-tools-for-stm32.9-2020-q2-update.win32_2.0.0.202105311346/tools/bin/../lib/gcc/arm-none-eabi/9.3.1/../../../../arm-none-eabi/lib/thumb/v7-m/nofp/crt0.o
 .data          0x0000000000000000        0x0 c:/st/stm32cubeide_1.7.0/stm32cubeide/plugins/com.st.stm32cube.ide.mcu.externaltools.gnu-tools-for-stm32.9-2020-q2-update.win32_2.0.0.202105311346/tools/bin/../lib/gcc/arm-none-eabi/9.3.1/../../../../arm-none-eabi/lib/thumb/v7-m/nofp/crt0.o
 .bss           0x0000000000000000        0x0 c:/st/stm32cubeide_1.7.0/stm32cubeide/plugins/com.st.stm32cube.ide.mcu.externaltools.gnu-tools-for-stm32.9-2020-q2-update.win32_2.0.0.202105311346/tools/bin/../lib/gcc/arm-none-eabi/9.3.1/../../../../arm-none-eabi/lib/thumb/v7-m/nofp/crt0.o
[...]
Memory Configuration

Name             Origin             Length             Attributes
RAM              0x0000000020000000 0x0000000000002800 xrw
FLASH            0x0000000008000000 0x0000000000008000 xr
*default*        0x0000000000000000 0xffffffffffffffff

Linker script and memory map

LOAD c:/st/stm32cubeide_1.7.0/stm32cubeide/plugins/com.st.stm32cube.ide.mcu.externaltools.gnu-tools-for-stm32.9-2020-q2-update.win32_2.0.0.202105311346/tools/bin/../lib/gcc/arm-none-eabi/9.3.1/thumb/v7-m/nofp/crti.o
LOAD c:/st/stm32cubeide_1.7.0/stm32cubeide/plugins/com.st.stm32cube.ide.mcu.externaltools.gnu-tools-for-stm32.9-2020-q2-update.win32_2.0.0.202105311346/tools/bin/../lib/gcc/arm-none-eabi/9.3.1/thumb/v7-m/nofp/crtbegin.o
LOAD c:/st/stm32cubeide_1.7.0/stm32cubeide/plugins/com.st.stm32cube.ide.mcu.externaltools.gnu-tools-for-stm32.9-2020-q2-update.win32_2.0.0.202105311346/tools/bin/../lib/gcc/arm-none-eabi/9.3.1/../../../../arm-none-eabi/lib/thumb/v7-m/nofp/crt0.o
LOAD ./Core/Src/button.o
LOAD ./Core/Src/fsm.o
LOAD ./Core/Src/global.o
LOAD ./Core/Src/main.o
LOAD ./Core/Src/software_timer.o
LOAD ./Core/Src/stm32f1xx_hal_msp.o
LOAD ./Core/Src/stm32f1xx_it.o
LOAD ./Core/Src/syscalls.o
LOAD ./Core/Src/sysmem.o
LOAD ./Core/Src/system_stm32f1xx.o
LOAD ./Core/Startup/startup_stm32f103c6ux.o
LOAD ./Drivers/STM32F1xx_HAL_Driver/Src/stm32f1xx_hal.o
LOAD ./Drivers/STM32F1xx_HAL_Driver/Src/stm32f1xx_hal_cortex.o
LOAD ./Drivers/STM32F1xx_HAL_Driver/Src/stm32f1xx_hal_dma.o
LOAD ./Drivers/STM32F1xx_HAL_Driver/Src/stm32f1xx_hal_exti.o
LOAD ./Drivers/STM32F1xx_HAL_Driver/Src/stm32f1xx_hal_flash.o
LOAD ./Drivers/STM32F1xx_HAL_Driver/Src/stm32f1xx_hal_flash_ex.o
LOAD ./Drivers/STM32F1xx_HAL_Driver/Src/stm32f1xx_hal_gpio.o
LOAD ./Drivers/STM32F1xx_HAL_Driver/Src/stm32f1xx_hal_gpio_ex.o
LOAD ./Drivers/STM32F1xx_HAL_Driver/Src/stm32f1xx_hal_pwr.o
LOAD ./Drivers/STM32F1xx_HAL_Driver/Src/stm32f1xx_hal_rcc.o
LOAD ./Drivers/STM32F1xx_HAL_Driver/Src/stm32f1xx_hal_rcc_ex.o
LOAD ./Drivers/STM32F1xx_HAL_Driver/Src/stm32f1xx_hal_tim.o
LOAD ./Drivers/STM32F1xx_HAL_Driver/Src/stm32f1xx_hal_tim_ex.o
START GROUP
LOAD c:/st/stm32cubeide_1.7.0/stm32cubeide/plugins/com.st.stm32cube.ide.mcu.externaltools.gnu-tools-for-stm32.9-2020-q2-update.win32_2.0.0.202105311346/tools/bin/../lib/gcc/arm-none-eabi/9.3.1/../../../../arm-none-eabi/lib/thumb/v7-m/nofp\libc_nano.a
LOAD c:/st/stm32cubeide_1.7.0/stm32cubeide/plugins/com.st.stm32cube.ide.mcu.externaltools.gnu-tools-for-stm32.9-2020-q2-update.win32_2.0.0.202105311346/tools/bin/../lib/gcc/arm-none-eabi/9.3.1/../../../../arm-none-eabi/lib/thumb/v7-m/nofp\libm.a
END GROUP
START GROUP
LOAD c:/st/stm32cubeide_1.7.0/stm32cubeide/plugins/com.st.stm32cube.ide.mcu.externaltools.gnu-tools-for-stm32.9-2020-q2-update.win32_2.0.0.202105311346/tools/bin/../lib/gcc/arm-none-eabi/9.3.1/thumb/v7-m/nofp\libgcc.a
LOAD c:/st/stm32cubeide_1.7.0/stm32cubeide/plugins/com.st.stm32cube.ide.mcu.externaltools.gnu-tools-for-stm32.9-2020-q2-update.win32_2.0.0.202105311346/tools/bin/../lib/gcc/arm-none-eabi/9.3.1/../../../../arm-none-eabi/lib/thumb/v7-m/nofp\libc_nano.a
END GROUP
START GROUP
LOAD c:/st/stm32cubeide_1.7.0/stm32cubeide/plugins/com.st.stm32cube.ide.mcu.externaltools.gnu-tools-for-stm32.9-2020-q2-update.win32_2.0.0.202105311346/tools/bin/../lib/gcc/arm-none-eabi/9.3.1/thumb/v7-m/nofp\libgcc.a
LOAD c:/st/stm32cubeide_1.7.0/stm32cubeide/plugins/com.st.stm32cube.ide.mcu.externaltools.gnu-tools-for-stm32.9-2020-q2-update.win32_2.0.0.202105311346/tools/bin/../lib/gcc/arm-none-eabi/9.3.1/../../../../arm-none-eabi/lib/thumb/v7-m/nofp\libc_nano.a
LOAD c:/st/stm32cubeide_1.7.0/stm32cubeide/plugins/com.st.stm32cube.ide.mcu.externaltools.gnu-tools-for-stm32.9-2020-q2-update.win32_2.0.0.202105311346/tools/bin/../lib/gcc/arm-none-eabi/9.3.1/../../../../arm-none-eabi/lib/thumb/v7-m/nofp\libnosys.a
END GROUP
START GROUP
LOAD c:/st/stm32cubeide_1.7.0/stm32cubeide/plugins/com.st.stm32cube.ide.mcu.externaltools.gnu-tools-for-stm32.9-2020-q2-update.win32_2.0.0.202105311346/tools/bin/../lib/gcc/arm-none-eabi/9.3.1/thumb/v7-m/nofp\libgcc.a
LOAD c:/st/stm32cubeide_1.7.0/stm32cubeide/plugins/com.st.stm32cube.ide.mcu.externaltools.gnu-tools-for-stm32.9-2020-q2-update.win32_2.0.0.202105311346/tools/bin/../lib/gcc/arm-none-eabi/9.3.1/../../../../arm-none-eabi/lib/thumb/v7-m/nofp\libc_nano.a
LOAD c:/st/stm32cubeide_1.7.0/stm32cubeide/plugins/com.st.stm32cube.ide.mcu.externaltools.gnu-tools-for-stm32.9-2020-q2-update.win32_2.0.0.202105311346/tools/bin/../lib/gcc/arm-none-eabi/9.3.1/../../../../arm-none-eabi/lib/thumb/v7-m/nofp\libnosys.a
END GROUP
LOAD c:/st/stm32cubeide_1.7.0/stm32cubeide/plugins/com.st.stm32cube.ide.mcu.externaltools.gnu-tools-for-stm32.9-2020-q2-update.win32_2.0.0.202105311346/tools/bin/../lib/gcc/arm-none-eabi/9.3.1/thumb/v7-m/nofp/crtend.o
LOAD c:/st/stm32cubeide_1.7.0/stm32cubeide/plugins/com.st.stm32cube.ide.mcu.externaltools.gnu-tools-for-stm32.9-2020-q2-update.win32_2.0.0.202105311346/tools/bin/../lib/gcc/arm-none-eabi/9.3.1/thumb/v7-m/nofp/crtn.o
                0x0000000020002800                _estack = (ORIGIN (RAM) + LENGTH (RAM))
                0x0000000000000200                _Min_Heap_Size = 0x200
                0x0000000000000400                _Min_Stack_Size = 0x400

.isr_vector     0x0000000008000000      0x10c
                0x0000000008000000                . = ALIGN (0x4)
 *(.isr_vector)
 .isr_vector    0x0000000008000000      0x10c ./Core/Startup/startup_stm32f103c6ux.o
                0x0000000008000000                g_pfnVectors
                0x000000000800010c                . = ALIGN (0x4)

.text           0x000000000800010c     0x23bc
                0x000000000800010c                . = ALIGN (0x4)
 *(.text)
 .text          0x000000000800010c       0x40 c:/st/stm32cubeide_1.7.0/stm32cubeide/plugins/com.st.stm32cube.ide.mcu.externaltools.gnu-tools-for-stm32.9-2020-q2-update.win32_2.0.0.202105311346/tools/bin/../lib/gcc/arm-none-eabi/9.3.1/thumb/v7-m/nofp/crtbegin.o
 *(.text*)
 .text.isButton1Pressed
                0x000000000800014c       0x24 ./Core/Src/button.o
                0x000000000800014c                isButton1Pressed
 .text.isButton2Pressed
                0x0000000008000170       0x24 ./Core/Src/button.o
                0x0000000008000170                isButton2Pressed
 .text.isButton3Pressed
                0x0000000008000194       0x24 ./Core/Src/button.o
                0x0000000008000194                isButton3Pressed
 .text.subKey1Process
                0x00000000080001b8       0x18 ./Core/Src/button.o
                0x00000000080001b8                subKey1Process
 .text.subKey2Process
                0x00000000080001d0       0x18 ./Core/Src/button.o
                0x00000000080001d0                subKey2Process
 .text.subKey3Process
                0x00000000080001e8       0x18 ./Core/Src/button.o
                0x00000000080001e8                subKey3Process
 .text.getKey1Input
                0x0000000008000200       0x9c ./Core/Src/button.o
                0x0000000008000200                getKey1Input
 .text.getKey2Input
                0x000000000800029c      0x138 ./Core/Src/button.o
                0x000000000800029c                getKey2Input
 .text.getKey3Input
                0x00000000080003d4      0x138 ./Core/Src/button.o
                0x00000000080003d4                getKey3Input
 .text.display7SEG
                0x000000000800050c      0x320 ./Core/Src/fsm.o
                0x000000000800050c                display7SEG
 .text.fsm_simple_buttons_run
                0x000000000800082c      0x13c ./Core/Src/fsm.o
                0x000000000800082c                fsm_simple_buttons_run
 .text.main     0x0000000008000968       0x54 ./Core/Src/main.o
                0x0000000008000968                main
 .text.SystemClock_Config
                0x00000000080009bc       0x76 ./Core/Src/main.o
                0x00000000080009bc                SystemClock_Config
 *fill*         0x0000000008000a32        0x2 
 .text.MX_TIM2_Init
                0x0000000008000a34       0x98 ./Core/Src/main.o
 .text.MX_GPIO_Init
                0x0000000008000acc       0xdc ./Core/Src/main.o
 .text.HAL_TIM_PeriodElapsedCallback
                0x0000000008000ba8       0x20 ./Core/Src/main.o
                0x0000000008000ba8                HAL_TIM_PeriodElapsedCallback
 .text.Error_Handler
                0x0000000008000bc8        0xa ./Core/Src/main.o
                0x0000000008000bc8                Error_Handler
 *fill*         0x0000000008000bd2        0x2 
 .text.setTimer1
                0x0000000008000bd4       0x34 ./Core/Src/software_timer.o
                0x0000000008000bd4                setTimer1
 .text.setTimer2
                0x0000000008000c08       0x34 ./Core/Src/software_timer.o
                0x0000000008000c08                setTimer2
 .text.setTimer3
                0x0000000008000c3c       0x34 ./Core/Src/software_timer.o
                0x0000000008000c3c                setTimer3
 .text.timerRun
                0x0000000008000c70       0x84 ./Core/Src/software_timer.o
                0x0000000008000c70                timerRun
 .text.HAL_MspInit
                0x0000000008000cf4       0x64 ./Core/Src/stm32f1xx_hal_msp.o
                0x0000000008000cf4                HAL_MspInit
 .text.HAL_TIM_Base_MspInit
                0x0000000008000d58       0x48 ./Core/Src/stm32f1xx_hal_msp.o
                0x0000000008000d58                HAL_TIM_Base_MspInit
 .text.NMI_Handler
                0x0000000008000da0        0x6 ./Core/Src/stm32f1xx_it.o
                0x0000000008000da0                NMI_Handler
 .text.HardFault_Handler
                0x0000000008000da6        0x6 ./Core/Src/stm32f1xx_it.o
                0x0000000008000da6                HardFault_Handler
 .text.MemManage_Handler
                0x0000000008000dac        0x6 ./Core/Src/stm32f1xx_it.o
                0x0000000008000dac                MemManage_Handler
 .text.BusFault_Handler
                0x0000000008000db2        0x6 ./Core/Src/stm32f1xx_it.o
                0x0000000008000db2                BusFault_Handler
 .text.UsageFault_Handler
                0x0000000008000db8        0x6 ./Core/Src/stm32f1xx_it.o
                0x0000000008000db8                UsageFault_Handler
 .text.SVC_Handler
                0x0000000008000dbe        0xc ./Core/Src/stm32f1xx_it.o
                0x0000000008000dbe                SVC_Handler
 .text.DebugMon_Handler
                0x0000000008000dca        0xc ./Core/Src/stm32f1xx_it.o
                0x0000000008000dca                DebugMon_Handler
 .text.PendSV_Handler
                0x0000000008000dd6        0xc ./Core/Src/stm32f1xx_it.o
                0x0000000008000dd6                PendSV_Handler
 .text.SysTick_Handler
                0x0000000008000de2        0xc ./Core/Src/stm32f1xx_it.o
                0x0000000008000de2                SysTick_Handler
 *fill*         0x0000000008000dee        0x2 
 .text.TIM2_IRQHandler
                0x0000000008000df0       0x14 ./Core/Src/stm32f1xx_it.o
                0x0000000008000df0                TIM2_IRQHandler
 .text.SystemInit
                0x0000000008000e04        0xc ./Core/Src/system_stm32f1xx.o
                0x0000000008000e04                SystemInit
 .text.Reset_Handler
                0x0000000008000e10       0x48 ./Core/Startup/startup_stm32f103c6ux.o
                0x0000000008000e10                Reset_Handler
 .text.Default_Handler
                0x0000000008000e58        0x2 ./Core/Startup/startup_stm32f103c6ux.o
                0x0000000008000e58                RTC_Alarm_IRQHandler
                0x0000000008000e58                EXTI2_IRQHandler
                0x0000000008000e58                TIM1_CC_IRQHandler
                0x0000000008000e58                PVD_IRQHandler
                0x0000000008000e58                EXTI3_IRQHandler
                0x0000000008000e58                EXTI0_IRQHandler
                0x0000000008000e58                ADC1_2_IRQHandler
                0x0000000008000e58                SPI1_IRQHandler
                0x0000000008000e58                TAMPER_IRQHandler
                0x0000000008000e58                DMA1_Channel4_IRQHandler
                0x0000000008000e58                RTC_IRQHandler
                0x0000000008000e58                DMA1_Channel7_IRQHandler
                0x0000000008000e58                CAN1_RX1_IRQHandler
                0x0000000008000e58                I2C1_EV_IRQHandler
                0x0000000008000e58                DMA1_Channel6_IRQHandler
                0x0000000008000e58                TIM3_IRQHandler
                0x0000000008000e58                RCC_IRQHandler
                0x0000000008000e58                TIM1_TRG_COM_IRQHandler
                0x0000000008000e58                DMA1_Channel1_IRQHandler
                0x0000000008000e58                Default_Handler
                0x0000000008000e58                EXTI15_10_IRQHandler
                0x0000000008000e58                EXTI9_5_IRQHandler
                0x0000000008000e58                DMA1_Channel5_IRQHandler
                0x0000000008000e58                EXTI4_IRQHandler
                0x0000000008000e58                USB_LP_CAN1_RX0_IRQHandler
                0x0000000008000e58                USB_HP_CAN1_TX_IRQHandler
                0x0000000008000e58                DMA1_Channel3_IRQHandler
                0x0000000008000e58                TIM1_UP_IRQHandler
                0x0000000008000e58                WWDG_IRQHandler
                0x0000000008000e58                TIM1_BRK_IRQHandler
                0x0000000008000e58                EXTI1_IRQHandler
                0x0000000008000e58                USART2_IRQHandler
                0x0000000008000e58                DMA1_Channel2_IRQHandler
                0x0000000008000e58                CAN1_SCE_IRQHandler
                0x0000000008000e58                FLASH_IRQHandler
                0x0000000008000e58                USART1_IRQHandler
                0x0000000008000e58                I2C1_ER_IRQHandler
                0x0000000008000e58                USBWakeUp_IRQHandler
 *fill*         0x0000000008000e5a        0x2 
 .text.HAL_Init
                0x0000000008000e5c       0x2c ./Drivers/STM32F1xx_HAL_Driver/Src/stm32f1xx_hal.o
                0x0000000008000e5c                HAL_Init
 .text.HAL_InitTick
                0x0000000008000e88       0x60 ./Drivers/STM32F1xx_HAL_Driver/Src/stm32f1xx_hal.o
                0x0000000008000e88                HAL_InitTick
 .text.HAL_IncTick
                0x0000000008000ee8       0x24 ./Drivers/STM32F1xx_HAL_Driver/Src/stm32f1xx_hal.o
                0x0000000008000ee8                HAL_IncTick
 .text.HAL_GetTick
                0x0000000008000f0c       0x14 ./Drivers/STM32F1xx_HAL_Driver/Src/stm32f1xx_hal.o
                0x0000000008000f0c                HAL_GetTick
 .text.__NVIC_SetPriorityGrouping
                0x0000000008000f20       0x48 ./Drivers/STM32F1xx_HAL_Driver/Src/stm32f1xx_hal_cortex.o
 .text.__NVIC_GetPriorityGrouping
                0x0000000008000f68       0x1c ./Drivers/STM32F1xx_HAL_Driver/Src/stm32f1xx_hal_cortex.o
 .text.__NVIC_EnableIRQ
                0x0000000008000f84       0x38 ./Drivers/STM32F1xx_HAL_Driver/Src/stm32f1xx_hal_cortex.o
 .text.__NVIC_SetPriority
                0x0000000008000fbc       0x54 ./Drivers/STM32F1xx_HAL_Driver/Src/stm32f1xx_hal_cortex.o
 .text.NVIC_EncodePriority
                0x0000000008001010       0x64 ./Drivers/STM32F1xx_HAL_Driver/Src/stm32f1xx_hal_cortex.o
 .text.SysTick_Config
                0x0000000008001074       0x44 ./Drivers/STM32F1xx_HAL_Driver/Src/stm32f1xx_hal_cortex.o
 .text.HAL_NVIC_SetPriorityGrouping
                0x00000000080010b8       0x16 ./Drivers/STM32F1xx_HAL_Driver/Src/stm32f1xx_hal_cortex.o
                0x00000000080010b8                HAL_NVIC_SetPriorityGrouping
 .text.HAL_NVIC_SetPriority
                0x00000000080010ce       0x38 ./Drivers/STM32F1xx_HAL_Driver/Src/stm32f1xx_hal_cortex.o
                0x00000000080010ce                HAL_NVIC_SetPriority
 .text.HAL_NVIC_EnableIRQ
                0x0000000008001106       0x1c ./Drivers/STM32F1xx_HAL_Driver/Src/stm32f1xx_hal_cortex.o
                0x0000000008001106                HAL_NVIC_EnableIRQ
 .text.HAL_SYSTICK_Config
                0x0000000008001122       0x18 ./Drivers/STM32F1xx_HAL_Driver/Src/stm32f1xx_hal_cortex.o
                0x0000000008001122                HAL_SYSTICK_Config
 *fill*         0x000000000800113a        0x2 
 .text.HAL_GPIO_Init
                0x000000000800113c      0x2f4 ./Drivers/STM32F1xx_HAL_Driver/Src/stm32f1xx_hal_gpio.o
                0x000000000800113c                HAL_GPIO_Init
 .text.HAL_GPIO_ReadPin
                0x0000000008001430       0x2e ./Drivers/STM32F1xx_HAL_Driver/Src/stm32f1xx_hal_gpio.o
                0x0000000008001430                HAL_GPIO_ReadPin
 .text.HAL_GPIO_WritePin
                0x000000000800145e       0x30 ./Drivers/STM32F1xx_HAL_Driver/Src/stm32f1xx_hal_gpio.o
                0x000000000800145e                HAL_GPIO_WritePin
 .text.HAL_GPIO_TogglePin
                0x000000000800148e       0x32 ./Drivers/STM32F1xx_HAL_Driver/Src/stm32f1xx_hal_gpio.o
                0x000000000800148e                HAL_GPIO_TogglePin
 .text.HAL_RCC_OscConfig
                0x00000000080014c0      0x500 ./Drivers/STM32F1xx_HAL_Driver/Src/stm32f1xx_hal_rcc.o
                0x00000000080014c0                HAL_RCC_OscConfig
 .text.HAL_RCC_ClockConfig
                0x00000000080019c0      0x1d4 ./Drivers/STM32F1xx_HAL_Driver/Src/stm32f1xx_hal_rcc.o
                0x00000000080019c0                HAL_RCC_ClockConfig
 .text.HAL_RCC_GetSysClockFreq
                0x0000000008001b94       0xc0 ./Drivers/STM32F1xx_HAL_Driver/Src/stm32f1xx_hal_rcc.o
                0x0000000008001b94                HAL_RCC_GetSysClockFreq
 .text.RCC_Delay
                0x0000000008001c54       0x3c ./Drivers/STM32F1xx_HAL_Driver/Src/stm32f1xx_hal_rcc.o
 .text.HAL_TIM_Base_Init
                0x0000000008001c90       0x9e ./Drivers/STM32F1xx_HAL_Driver/Src/stm32f1xx_hal_tim.o
                0x0000000008001c90                HAL_TIM_Base_Init
 *fill*         0x0000000008001d2e        0x2 
 .text.HAL_TIM_Base_Start_IT
                0x0000000008001d30       0x98 ./Drivers/STM32F1xx_HAL_Driver/Src/stm32f1xx_hal_tim.o
                0x0000000008001d30                HAL_TIM_Base_Start_IT
 .text.HAL_TIM_IRQHandler
                0x0000000008001dc8      0x210 ./Drivers/STM32F1xx_HAL_Driver/Src/stm32f1xx_hal_tim.o
                0x0000000008001dc8                HAL_TIM_IRQHandler
 .text.HAL_TIM_ConfigClockSource
                0x0000000008001fd8      0x188 ./Drivers/STM32F1xx_HAL_Driver/Src/stm32f1xx_hal_tim.o
                0x0000000008001fd8                HAL_TIM_ConfigClockSource
 .text.HAL_TIM_OC_DelayElapsedCallback
                0x0000000008002160       0x12 ./Drivers/STM32F1xx_HAL_Driver/Src/stm32f1xx_hal_tim.o
                0x0000000008002160                HAL_TIM_OC_DelayElapsedCallback
 .text.HAL_TIM_IC_CaptureCallback
                0x0000000008002172       0x12 ./Drivers/STM32F1xx_HAL_Driver/Src/stm32f1xx_hal_tim.o
                0x0000000008002172                HAL_TIM_IC_CaptureCallback
 .text.HAL_TIM_PWM_PulseFinishedCallback
                0x0000000008002184       0x12 ./Drivers/STM32F1xx_HAL_Driver/Src/stm32f1xx_hal_tim.o
                0x0000000008002184                HAL_TIM_PWM_PulseFinishedCallback
 .text.HAL_TIM_TriggerCallback
                0x0000000008002196       0x12 ./Drivers/STM32F1xx_HAL_Driver/Src/stm32f1xx_hal_tim.o
                0x0000000008002196                HAL_TIM_TriggerCallback
 .text.TIM_Base_SetConfig
                0x00000000080021a8       0xb0 ./Drivers/STM32F1xx_HAL_Driver/Src/stm32f1xx_hal_tim.o
                0x00000000080021a8                TIM_Base_SetConfig
 .text.TIM_TI1_ConfigInputStage
                0x0000000008002258       0x5c ./Drivers/STM32F1xx_HAL_Driver/Src/stm32f1xx_hal_tim.o
 .text.TIM_TI2_ConfigInputStage
                0x00000000080022b4       0x5e ./Drivers/STM32F1xx_HAL_Driver/Src/stm32f1xx_hal_tim.o
 .text.TIM_ITRx_SetConfig
                0x0000000008002312       0x34 ./Drivers/STM32F1xx_HAL_Driver/Src/stm32f1xx_hal_tim.o
 .text.TIM_ETR_SetConfig
                0x0000000008002346       0x3e ./Drivers/STM32F1xx_HAL_Driver/Src/stm32f1xx_hal_tim.o
                0x0000000008002346                TIM_ETR_SetConfig
 .text.HAL_TIMEx_MasterConfigSynchronization
                0x0000000008002384       0xb0 ./Drivers/STM32F1xx_HAL_Driver/Src/stm32f1xx_hal_tim_ex.o
                0x0000000008002384                HAL_TIMEx_MasterConfigSynchronization
 .text.HAL_TIMEx_CommutCallback
                0x0000000008002434       0x12 ./Drivers/STM32F1xx_HAL_Driver/Src/stm32f1xx_hal_tim_ex.o
                0x0000000008002434                HAL_TIMEx_CommutCallback
 .text.HAL_TIMEx_BreakCallback
                0x0000000008002446       0x12 ./Drivers/STM32F1xx_HAL_Driver/Src/stm32f1xx_hal_tim_ex.o
                0x0000000008002446                HAL_TIMEx_BreakCallback
 .text.__libc_init_array
                0x0000000008002458       0x48 c:/st/stm32cubeide_1.7.0/stm32cubeide/plugins/com.st.stm32cube.ide.mcu.externaltools.gnu-tools-for-stm32.9-2020-q2-update.win32_2.0.0.202105311346/tools/bin/../lib/gcc/arm-none-eabi/9.3.1/../../../../arm-none-eabi/lib/thumb/v7-m/nofp\libc_nano.a(lib_a-init.o)
                0x0000000008002458                __libc_init_array
 .text.memset   0x00000000080024a0       0x10 c:/st/stm32cubeide_1.7.0/stm32cubeide/plugins/com.st.stm32cube.ide.mcu.externaltools.gnu-tools-for-stm32.9-2020-q2-update.win32_2.0.0.202105311346/tools/bin/../lib/gcc/arm-none-eabi/9.3.1/../../../../arm-none-eabi/lib/thumb/v7-m/nofp\libc_nano.a(lib_a-memset.o)
                0x00000000080024a0                memset
 *(.glue_7)
 .glue_7        0x00000000080024b0        0x0 linker stubs
 *(.glue_7t)
 .glue_7t       0x00000000080024b0        0x0 linker stubs
 *(.eh_frame)
 .eh_frame      0x00000000080024b0        0x0 c:/st/stm32cubeide_1.7.0/stm32cubeide/plugins/com.st.stm32cube.ide.mcu.externaltools.gnu-tools-for-stm32.9-2020-q2-update.win32_2.0.0.202105311346/tools/bin/../lib/gcc/arm-none-eabi/9.3.1/thumb/v7-m/nofp/crtbegin.o
 *(.init)
 .init          0x00000000080024b0        0x4 c:/st/stm32cubeide_1.7.0/stm32cubeide/plugins/com.st.stm32cube.ide.mcu.externaltools.gnu-tools-for-stm32.9-2020-q2-update.win32_2.0.0.202105311346/tools/bin/../lib/gcc/arm-none-eabi/9.3.1/thumb/v7-m/nofp/crti.o
                0x00000000080024b0                _init
 .init          0x00000000080024b4        0x8 c:/st/stm32cubeide_1.7.0/stm32cubeide/plugins/com.st.stm32cube.ide.mcu.externaltools.gnu-tools-for-stm32.9-2020-q2-update.win32_2.0.0.202105311346/tools/bin/../lib/gcc/arm-none-eabi/9.3.1/thumb/v7-m/nofp/crtn.o
 *(.fini)
 .fini          0x00000000080024bc        0x4 c:/st/stm32cubeide_1.7.0/stm32cubeide/plugins/com.st.stm32cube.ide.mcu.externaltools.gnu-tools-for-stm32.9-2020-q2-update.win32_2.0.0.202105311346/tools/bin/../lib/gcc/arm-none-eabi/9.3.1/thumb/v7-m/nofp/crti.o
                0x00000000080024bc                _fini
 .fini          0x00000000080024c0        0x8 c:/st/stm32cubeide_1.7.0/stm32cubeide/plugins/com.st.stm32cube.ide.mcu.externaltools.gnu-tools-for-stm32.9-2020-q2-update.win32_2.0.0.202105311346/tools/bin/../lib/gcc/arm-none-eabi/9.3.1/thumb/v7-m/nofp/crtn.o
                0x00000000080024c8                . = ALIGN (0x4)
                0x00000000080024c8                _etext = .

.vfp11_veneer   0x00000000080024c8        0x0
 .vfp11_veneer  0x00000000080024c8        0x0 linker stubs

.v4_bx          0x00000000080024c8        0x0
 .v4_bx         0x00000000080024c8        0x0 linker stubs

.iplt           0x00000000080024c8        0x0
 .iplt          0x00000000080024c8        0x0 c:/st/stm32cubeide_1.7.0/stm32cubeide/plugins/com.st.stm32cube.ide.mcu.externaltools.gnu-tools-for-stm32.9-2020-q2-update.win32_2.0.0.202105311346/tools/bin/../lib/gcc/arm-none-eabi/9.3.1/thumb/v7-m/nofp/crtbegin.o

.rodata         0x00000000080024c8       0x20
                0x00000000080024c8                . = ALIGN (0x4)
 *(.rodata)
 .rodata        0x00000000080024c8       0x10 ./Drivers/STM32F1xx_HAL_Driver/Src/stm32f1xx_hal_rcc.o
 *(.rodata*)
 .rodata.AHBPrescTable
                0x00000000080024d8       0x10 ./Core/Src/system_stm32f1xx.o
                0x00000000080024d8                AHBPrescTable
                0x00000000080024e8                . = ALIGN (0x4)

.rel.dyn        0x00000000080024e8        0x0
 .rel.iplt      0x00000000080024e8        0x0 c:/st/stm32cubeide_1.7.0/stm32cubeide/plugins/com.st.stm32cube.ide.mcu.externaltools.gnu-tools-for-stm32.9-2020-q2-update.win32_2.0.0.202105311346/tools/bin/../lib/gcc/arm-none-eabi/9.3.1/thumb/v7-m/nofp/crtbegin.o

.ARM.extab      0x00000000080024e8        0x0
                0x00000000080024e8                . = ALIGN (0x4)
 *(.ARM.extab* .gnu.linkonce.armextab.*)
                0x00000000080024e8                . = ALIGN (0x4)

.ARM            0x00000000080024e8        0x0
                0x00000000080024e8                . = ALIGN (0x4)
                0x00000000080024e8                __exidx_start = .
 *(.ARM.exidx*)
                0x00000000080024e8                __exidx_end = .
                0x00000000080024e8                . = ALIGN (0x4)

.preinit_array  0x00000000080024e8        0x0
                0x00000000080024e8                . = ALIGN (0x4)
                0x00000000080024e8                PROVIDE (__preinit_array_start = .)
 *(.preinit_array*)
                0x00000000080024e8                PROVIDE (__preinit_array_end = .)
                0x00000000080024e8                . = ALIGN (0x4)

.init_array     0x00000000080024e8        0x4
                0x00000000080024e8                . = ALIGN (0x4)
                0x00000000080024e8                PROVIDE (__init_array_start = .)
 *(SORT_BY_NAME(.init_array.*))
 *(.init_array*)
 .init_array    0x00000000080024e8        0x4 c:/st/stm32cubeide_1.7.0/stm32cubeide/plugins/com.st.stm32cube.ide.mcu.externaltools.gnu-tools-for-stm32.9-2020-q2-update.win32_2.0.0.202105311346/tools/bin/../lib/gcc/arm-none-eabi/9.3.1/thumb/v7-m/nofp/crtbegin.o
                0x00000000080024ec                PROVIDE (__init_array_end = .)
                0x00000000080024ec                . = ALIGN (0x4)

.fini_array     0x00000000080024ec        0x4
                0x00000000080024ec                . = ALIGN (0x4)
                [!provide]                        PROVIDE (__fini_array_start = .)
 *(SORT_BY_NAME(.fini_array.*))
 *(.fini_array*)
 .fini_array    0x00000000080024ec        0x4 c:/st/stm32cubeide_1.7.0/stm32cubeide/plugins/com.st.stm32cube.ide.mcu.externaltools.gnu-tools-for-stm32.9-2020-q2-update.win32_2.0.0.202105311346/tools/bin/../lib/gcc/arm-none-eabi/9.3.1/thumb/v7-m/nofp/crtbegin.o
                [!provide]                        PROVIDE (__fini_array_end = .)
                0x00000000080024f0                . = ALIGN (0x4)
                0x00000000080024f0                _sidata = LOADADDR (.data)

.data           0x0000000020000000       0x4c load address 0x00000000080024f0
                0x0000000020000000                . = ALIGN (0x4)
                0x0000000020000000                _sdata = .
 *(.data)
 *(.data*)
 .data.Key1Reg0
                0x0000000020000000        0x4 ./Core/Src/button.o
                0x0000000020000000                Key1Reg0
 .data.Key1Reg1
                0x0000000020000004        0x4 ./Core/Src/button.o
                0x0000000020000004                Key1Reg1
 .data.Key1Reg2
                0x0000000020000008        0x4 ./Core/Src/button.o
                0x0000000020000008                Key1Reg2
 .data.Key1Reg3
                0x000000002000000c        0x4 ./Core/Src/button.o
                0x000000002000000c                Key1Reg3
 .data.Key2Reg0
                0x0000000020000010        0x4 ./Core/Src/button.o
                0x0000000020000010                Key2Reg0
 .data.Key2Reg1
                0x0000000020000014        0x4 ./Core/Src/button.o
                0x0000000020000014                Key2Reg1
 .data.Key2Reg2
                0x0000000020000018        0x4 ./Core/Src/button.o
                0x0000000020000018                Key2Reg2
 .data.Key2Reg3
                0x000000002000001c        0x4 ./Core/Src/button.o
                0x000000002000001c                Key2Reg3
 .data.Key3Reg0
                0x0000000020000020        0x4 ./Core/Src/button.o
                0x0000000020000020                Key3Reg0
 .data.Key3Reg1
                0x0000000020000024        0x4 ./Core/Src/button.o
                0x0000000020000024                Key3Reg1
 .data.Key3Reg2
                0x0000000020000028        0x4 ./Core/Src/button.o
                0x0000000020000028                Key3Reg2
 .data.Key3Reg3
                0x000000002000002c        0x4 ./Core/Src/button.o
                0x000000002000002c                Key3Reg3
 .data.TimerForKey1Press
                0x0000000020000030        0x4 ./Core/Src/button.o
                0x0000000020000030                TimerForKey1Press
 .data.TimerForKey2Press
                0x0000000020000034        0x4 ./Core/Src/button.o
                0x0000000020000034                TimerForKey2Press
 .data.TimerForKey3Press
                0x0000000020000038        0x4 ./Core/Src/button.o
                0x0000000020000038                TimerForKey3Press
 .data.time_cycles
                0x000000002000003c        0x4 ./Core/Src/software_timer.o
                0x000000002000003c                time_cycles
 .data.SystemCoreClock
                0x0000000020000040        0x4 ./Core/Src/system_stm32f1xx.o
                0x0000000020000040                SystemCoreClock
 .data.uwTickPrio
                0x0000000020000044        0x4 ./Drivers/STM32F1xx_HAL_Driver/Src/stm32f1xx_hal.o
                0x0000000020000044                uwTickPrio
 .data.uwTickFreq
                0x0000000020000048        0x1 ./Drivers/STM32F1xx_HAL_Driver/Src/stm32f1xx_hal.o
                0x0000000020000048                uwTickFreq
 *(.RamFunc)
 *(.RamFunc*)
                0x000000002000004c                . = ALIGN (0x4)
 *fill*         0x0000000020000049        0x3 
                0x000000002000004c                _edata = .

.igot.plt       0x000000002000004c        0x0 load address 0x000000000800253c
 .igot.plt      0x000000002000004c        0x0 c:/st/stm32cubeide_1.7.0/stm32cubeide/plugins/com.st.stm32cube.ide.mcu.externaltools.gnu-tools-for-stm32.9-2020-q2-update.win32_2.0.0.202105311346/tools/bin/../lib/gcc/arm-none-eabi/9.3.1/thumb/v7-m/nofp/crtbegin.o
                0x000000002000004c                . = ALIGN (0x4)

.bss            0x000000002000004c       0x94 load address 0x000000000800253c
                0x000000002000004c                _sbss = .
                0x000000002000004c                __bss_start__ = _sbss
 *(.bss)
 .bss           0x000000002000004c       0x1c c:/st/stm32cubeide_1.7.0/stm32cubeide/plugins/com.st.stm32cube.ide.mcu.externaltools.gnu-tools-for-stm32.9-2020-q2-update.win32_2.0.0.202105311346/tools/bin/../lib/gcc/arm-none-eabi/9.3.1/thumb/v7-m/nofp/crtbegin.o
 *(.bss*)
 .bss.button1_flag
                0x0000000020000068        0x4 ./Core/Src/button.o
                0x0000000020000068                button1_flag
 .bss.button2_flag
                0x000000002000006c        0x4 ./Core/Src/button.o
                0x000000002000006c                button2_flag
 .bss.button3_flag
                0x0000000020000070        0x4 ./Core/Src/button.o
                0x0000000020000070                button3_flag
 .bss.status    0x0000000020000074        0x4 ./Core/Src/global.o
                0x0000000020000074                status
 .bss.count     0x0000000020000078        0x4 ./Core/Src/global.o
                0x0000000020000078                count
 .bss.timer1_counter
                0x000000002000007c        0x4 ./Core/Src/software_timer.o
                0x000000002000007c                timer1_counter
 .bss.timer1_flag
                0x0000000020000080        0x4 ./Core/Src/software_timer.o
                0x0000000020000080                timer1_flag
 .bss.timer2_counter
                0x0000000020000084        0x4 ./Core/Src/software_timer.o
                0x0000000020000084                timer2_counter
 .bss.timer2_flag
                0x0000000020000088        0x4 ./Core/Src/software_timer.o
                0x0000000020000088                timer2_flag
 .bss.timer3_counter
                0x000000002000008c        0x4 ./Core/Src/software_timer.o
                0x000000002000008c                timer3_counter
 .bss.timer3_flag
                0x0000000020000090        0x4 ./Core/Src/software_timer.o
                0x0000000020000090                timer3_flag
 *(COMMON)
 COMMON         0x0000000020000094       0x48 ./Core/Src/main.o
                0x0000000020000094                htim2
 COMMON         0x00000000200000dc        0x4 ./Drivers/STM32F1xx_HAL_Driver/Src/stm32f1xx_hal.o
                0x00000000200000dc                uwTick
                0x00000000200000e0                . = ALIGN (0x4)
                0x00000000200000e0                _ebss = .
                0x00000000200000e0                __bss_end__ = _ebss

._user_heap_stack
                0x00000000200000e0      0x600 load address 0x000000000800253c
                0x00000000200000e0                . = ALIGN (0x8)
                [!provide]                        PROVIDE (end = .)
                0x00000000200000e0                PROVIDE (_end = .)
                0x00000000200002e0                . = (. + _Min_Heap_Size)
 *fill*         0x00000000200000e0      0x200 
                0x00000000200006e0                . = (. + _Min_Stack_Size)
 *fill*         0x00000000200002e0      0x400 
                0x00000000200006e0                . = ALIGN (0x8)

/DISCARD/
 libc.a(*)
 libm.a(*)
 libgcc.a(*)

.ARM.attributes
                0x0000000000000000       0x29
 *(.ARM.attributes)
 .ARM.attributes
                0x0000000000000000       0x1d c:/st/stm32cubeide_1.7.0/stm32cubeide/plugins/com.st.stm32cube.ide.mcu.externaltools.gnu-tools-for-stm32.9-2020-q2-update.win32_2.0.0.202105311346/tools/bin/../lib/gcc/arm-none-eabi/9.3.1/thumb/v7-m/nofp/crti.o
 .ARM.attributes
                0x000000000000001d       0x2d c:/st/stm32cubeide_1.7.0/stm32cubeide/plugins/com.st.stm32cube.ide.mcu.externaltools.gnu-tools-for-stm32.9-2020-q2-update.win32_2.0.0.202105311346/tools/bin/../lib/gcc/arm-none-eabi/9.3.1/thumb/v7-m/nofp/crtbegin.o
 .ARM.attributes
                0x000000000000004a       0x2d ./Core/Src/button.o
 .ARM.attributes
                0x0000000000000077       0x2d ./Core/Src/fsm.o
 .ARM.attributes
                0x00000000000000a4       0x33 ./Core/Src/global.o
 .ARM.attributes
                0x00000000000000d7       0x2d ./Core/Src/main.o
 .ARM.attributes
                0x0000000000000104       0x2d ./Core/Src/software_timer.o
 .ARM.attributes
                0x0000000000000131       0x2d ./Core/Src/stm32f1xx_hal_msp.o
 .ARM.attributes
                0x000000000000015e       0x2d ./Core/Src/stm32f1xx_it.o
 .ARM.attributes
                0x000000000000018b       0x2d ./Core/Src/system_stm32f1xx.o
 .ARM.attributes
                0x00000000000001b8       0x21 ./Core/Startup/startup_stm32f103c6ux.o
 .ARM.attributes
                0x00000000000001d9       0x2d ./Drivers/STM32F1xx_HAL_Driver/Src/stm32f1xx_hal.o
 .ARM.attributes
                0x0000000000000206       0x2d ./Drivers/STM32F1xx_HAL_Driver/Src/stm32f1xx_hal_cortex.o
 .ARM.attributes
                0x0000000000000233       0x2d ./Drivers/STM32F1xx_HAL_Driver/Src/stm32f1xx_hal_gpio.o
 .ARM.attributes
                0x0000000000000260       0x2d ./Drivers/STM32F1xx_HAL_Driver/Src/stm32f1xx_hal_rcc.o
 .ARM.attributes
                0x000000000000028d       0x2d ./Drivers/STM32F1xx_HAL_Driver/Src/stm32f1xx_hal_tim.o
 .ARM.attributes
                0x00000000000002ba       0x2d ./Drivers/STM32F1xx_HAL_Driver/Src/stm32f1xx_hal_tim_ex.o
 .ARM.attributes
                0x00000000000002e7       0x2d c:/st/stm32cubeide_1.7.0/stm32cubeide/plugins/com.st.stm32cube.ide.mcu.externaltools.gnu-tools-for-stm32.9-2020-q2-update.win32_2.0.0.202105311346/tools/bin/../lib/gcc/arm-none-eabi/9.3.1/../../../../arm-none-eabi/lib/thumb/v7-m/nofp\libc_nano.a(lib_a-init.o)
 .ARM.attributes
                0x0000000000000314       0x2d c:/st/stm32cubeide_1.7.0/stm32cubeide/plugins/com.st.stm32cube.ide.mcu.externaltools.gnu-tools-for-stm32.9-2020-q2-update.win32_2.0.0.202105311346/tools/bin/../lib/gcc/arm-none-eabi/9.3.1/../../../../arm-none-eabi/lib/thumb/v7-m/nofp\libc_nano.a(lib_a-memset.o)
 .ARM.attributes
                0x0000000000000341       0x1d c:/st/stm32cubeide_1.7.0/stm32cubeide/plugins/com.st.stm32cube.ide.mcu.externaltools.gnu-tools-for-stm32.9-2020-q2-update.win32_2.0.0.202105311346/tools/bin/../lib/gcc/arm-none-eabi/9.3.1/thumb/v7-m/nofp/crtn.o
OUTPUT(Project24h.elf elf32-littlearm)
LOAD linker stubs
LOAD c:/st/stm32cubeide_1.7.0/stm32cubeide/plugins/com.st.stm32cube.ide.mcu.externaltools.gnu-tools-for-stm32.9-2020-q2-update.win32_2.0.0.202105311346/tools/bin/../lib/gcc/arm-none-eabi/9.3.1/../../../../arm-none-eabi/lib/thumb/v7-m/nofp\libc.a
LOAD c:/st/stm32cubeide_1.7.0/stm32cubeide/plugins/com.st.stm32cube.ide.mcu.externaltools.gnu-tools-for-stm32.9-2020-q2-update.win32_2.0.0.202105311346/tools/bin/../lib/gcc/arm-none-eabi/9.3.1/../../../../arm-none-eabi/lib/thumb/v7-m/nofp\libm.a
LOAD c:/st/stm32cubeide_1.7.0/stm32cubeide/plugins/com.st.stm32cube.ide.mcu.externaltools.gnu-tools-for-stm32.9-2020-q2-update.win32_2.0.0.202105311346/tools/bin/../lib/gcc/arm-none-eabi/9.3.1/thumb/v7-m/nofp\libgcc.a

.debug_info     0x0000000000000000     0x8c27
 .debug_info    0x0000000000000000      0x45b ./Core/Src/button.o
 .debug_info    0x000000000000045b      0x282 ./Core/Src/fsm.o
 .debug_info    0x00000000000006dd      0x1d0 ./Core/Src/global.o
 .debug_info    0x00000000000008ad      0xbe8 ./Core/Src/main.o
 .debug_info    0x0000000000001495      0x147 ./Core/Src/software_timer.o
 .debug_info    0x00000000000015dc      0xa04 ./Core/Src/stm32f1xx_hal_msp.o
 .debug_info    0x0000000000001fe0      0x7b4 ./Core/Src/stm32f1xx_it.o
 .debug_info    0x0000000000002794      0x2be ./Core/Src/system_stm32f1xx.o
 .debug_info    0x0000000000002a52       0x22 ./Core/Startup/startup_stm32f103c6ux.o
 .debug_info    0x0000000000002a74      0x74c ./Drivers/STM32F1xx_HAL_Driver/Src/stm32f1xx_hal.o
 .debug_info    0x00000000000031c0      0xbbe ./Drivers/STM32F1xx_HAL_Driver/Src/stm32f1xx_hal_cortex.o
 .debug_info    0x0000000000003d7e      0x701 ./Drivers/STM32F1xx_HAL_Driver/Src/stm32f1xx_hal_gpio.o
 .debug_info    0x000000000000447f      0x88e ./Drivers/STM32F1xx_HAL_Driver/Src/stm32f1xx_hal_rcc.o
 .debug_info    0x0000000000004d0d     0x2a45 ./Drivers/STM32F1xx_HAL_Driver/Src/stm32f1xx_hal_tim.o
 .debug_info    0x0000000000007752     0x14d5 ./Drivers/STM32F1xx_HAL_Driver/Src/stm32f1xx_hal_tim_ex.o

.debug_abbrev   0x0000000000000000     0x1893
 .debug_abbrev  0x0000000000000000      0x13b ./Core/Src/button.o
 .debug_abbrev  0x000000000000013b      0x121 ./Core/Src/fsm.o
 .debug_abbrev  0x000000000000025c       0xa9 ./Core/Src/global.o
 .debug_abbrev  0x0000000000000305      0x22c ./Core/Src/main.o
 .debug_abbrev  0x0000000000000531       0xb6 ./Core/Src/software_timer.o
 .debug_abbrev  0x00000000000005e7      0x1b7 ./Core/Src/stm32f1xx_hal_msp.o
 .debug_abbrev  0x000000000000079e      0x176 ./Core/Src/stm32f1xx_it.o
 .debug_abbrev  0x0000000000000914      0x14e ./Core/Src/system_stm32f1xx.o
 .debug_abbrev  0x0000000000000a62       0x12 ./Core/Startup/startup_stm32f103c6ux.o
 .debug_abbrev  0x0000000000000a74      0x1ed ./Drivers/STM32F1xx_HAL_Driver/Src/stm32f1xx_hal.o
 .debug_abbrev  0x0000000000000c61      0x313 ./Drivers/STM32F1xx_HAL_Driver/Src/stm32f1xx_hal_cortex.o
 .debug_abbrev  0x0000000000000f74      0x1e8 ./Drivers/STM32F1xx_HAL_Driver/Src/stm32f1xx_hal_gpio.o
 .debug_abbrev  0x000000000000115c      0x273 ./Drivers/STM32F1xx_HAL_Driver/Src/stm32f1xx_hal_rcc.o
 .debug_abbrev  0x00000000000013cf      0x25e ./Drivers/STM32F1xx_HAL_Driver/Src/stm32f1xx_hal_tim.o
 .debug_abbrev  0x000000000000162d      0x266 ./Drivers/STM32F1xx_HAL_Driver/Src/stm32f1xx_hal_tim_ex.o

.debug_aranges  0x0000000000000000      0xa08
 .debug_aranges
                0x0000000000000000       0x60 ./Core/Src/button.o
 .debug_aranges
                0x0000000000000060       0x28 ./Core/Src/fsm.o
 .debug_aranges
                0x0000000000000088       0x18 ./Core/Src/global.o
 .debug_aranges
                0x00000000000000a0       0x48 ./Core/Src/main.o
 .debug_aranges
                0x00000000000000e8       0x38 ./Core/Src/software_timer.o
 .debug_aranges
                0x0000000000000120       0x30 ./Core/Src/stm32f1xx_hal_msp.o
 .debug_aranges
                0x0000000000000150       0x68 ./Core/Src/stm32f1xx_it.o
 .debug_aranges
                0x00000000000001b8       0x28 ./Core/Src/system_stm32f1xx.o
 .debug_aranges
                0x00000000000001e0       0x28 ./Core/Startup/startup_stm32f103c6ux.o
 .debug_aranges
                0x0000000000000208       0xe0 ./Drivers/STM32F1xx_HAL_Driver/Src/stm32f1xx_hal.o
 .debug_aranges
                0x00000000000002e8      0x100 ./Drivers/STM32F1xx_HAL_Driver/Src/stm32f1xx_hal_cortex.o
 .debug_aranges
                0x00000000000003e8       0x58 ./Drivers/STM32F1xx_HAL_Driver/Src/stm32f1xx_hal_gpio.o
 .debug_aranges
                0x0000000000000440       0x90 ./Drivers/STM32F1xx_HAL_Driver/Src/stm32f1xx_hal_rcc.o
 .debug_aranges
                0x00000000000004d0      0x3d0 ./Drivers/STM32F1xx_HAL_Driver/Src/stm32f1xx_hal_tim.o
 .debug_aranges
                0x00000000000008a0      0x168 ./Drivers/STM32F1xx_HAL_Driver/Src/stm32f1xx_hal_tim_ex.o

.debug_ranges   0x0000000000000000      0x918
 .debug_ranges  0x0000000000000000       0x50 ./Core/Src/button.o
 .debug_ranges  0x0000000000000050       0x18 ./Core/Src/fsm.o
 .debug_ranges  0x0000000000000068       0x38 ./Core/Src/main.o
 .debug_ranges  0x00000000000000a0       0x28 ./Core/Src/software_timer.o
 .debug_ranges  0x00000000000000c8       0x20 ./Core/Src/stm32f1xx_hal_msp.o
 .debug_ranges  0x00000000000000e8       0x58 ./Core/Src/stm32f1xx_it.o
 .debug_ranges  0x0000000000000140       0x18 ./Core/Src/system_stm32f1xx.o
 .debug_ranges  0x0000000000000158       0x20 ./Core/Startup/startup_stm32f103c6ux.o
 .debug_ranges  0x0000000000000178       0xd0 ./Drivers/STM32F1xx_HAL_Driver/Src/stm32f1xx_hal.o
 .debug_ranges  0x0000000000000248       0xf0 ./Drivers/STM32F1xx_HAL_Driver/Src/stm32f1xx_hal_cortex.o
 .debug_ranges  0x0000000000000338       0x48 ./Drivers/STM32F1xx_HAL_Driver/Src/stm32f1xx_hal_gpio.o
 .debug_ranges  0x0000000000000380       0x80 ./Drivers/STM32F1xx_HAL_Driver/Src/stm32f1xx_hal_rcc.o
 .debug_ranges  0x0000000000000400      0x3c0 ./Drivers/STM32F1xx_HAL_Driver/Src/stm32f1xx_hal_tim.o
 .debug_ranges  0x00000000000007c0      0x158 ./Drivers/STM32F1xx_HAL_Driver/Src/stm32f1xx_hal_tim_ex.o

.debug_macro    0x0000000000000000    0x16876
 .debug_macro   0x0000000000000000      0x1e1 ./Core/Src/button.o
 .debug_macro   0x00000000000001e1      0xa9c ./Core/Src/button.o
 .debug_macro   0x0000000000000c7d       0x22 ./Core/Src/button.o
 .debug_macro   0x0000000000000c9f      0x215 ./Core/Src/button.o
 .debug_macro   0x0000000000000eb4       0x2e ./Core/Src/button.o
 .debug_macro   0x0000000000000ee2       0x22 ./Core/Src/button.o
 .debug_macro   0x0000000000000f04       0x22 ./Core/Src/button.o
 .debug_macro   0x0000000000000f26       0x8e ./Core/Src/button.o
 .debug_macro   0x0000000000000fb4       0x51 ./Core/Src/button.o
 .debug_macro   0x0000000000001005      0x103 ./Core/Src/button.o
 .debug_macro   0x0000000000001108       0x6a ./Core/Src/button.o
 .debug_macro   0x0000000000001172      0x1df ./Core/Src/button.o
 .debug_macro   0x0000000000001351       0x1c ./Core/Src/button.o
 .debug_macro   0x000000000000136d       0x22 ./Core/Src/button.o
 .debug_macro   0x000000000000138f       0xc3 ./Core/Src/button.o
 .debug_macro   0x0000000000001452      0xd23 ./Core/Src/button.o
 .debug_macro   0x0000000000002175     0xde75 ./Core/Src/button.o
 .debug_macro   0x000000000000ffea       0x6d ./Core/Src/button.o
 .debug_macro   0x0000000000010057     0x3468 ./Core/Src/button.o
 .debug_macro   0x00000000000134bf      0x174 ./Core/Src/button.o
 .debug_macro   0x0000000000013633       0x5c ./Core/Src/button.o
 .debug_macro   0x000000000001368f      0x5be ./Core/Src/button.o
 .debug_macro   0x0000000000013c4d      0x1b7 ./Core/Src/button.o
 .debug_macro   0x0000000000013e04      0x1cb ./Core/Src/button.o
 .debug_macro   0x0000000000013fcf      0x114 ./Core/Src/button.o
 .debug_macro   0x00000000000140e3      0x1b2 ./Core/Src/button.o
 .debug_macro   0x0000000000014295       0x27 ./Core/Src/button.o
 .debug_macro   0x00000000000142bc      0x12f ./Core/Src/button.o
 .debug_macro   0x00000000000143eb      0x1bc ./Core/Src/button.o
 .debug_macro   0x00000000000145a7       0x34 ./Core/Src/button.o
 .debug_macro   0x00000000000145db       0x3c ./Core/Src/button.o
 .debug_macro   0x0000000000014617       0x57 ./Core/Src/button.o
 .debug_macro   0x000000000001466e       0x88 ./Core/Src/button.o
 .debug_macro   0x00000000000146f6      0x183 ./Core/Src/button.o
 .debug_macro   0x0000000000014879      0x141 ./Core/Src/button.o
 .debug_macro   0x00000000000149ba      0x8d1 ./Core/Src/button.o
 .debug_macro   0x000000000001528b       0x69 ./Core/Src/button.o
 .debug_macro   0x00000000000152f4       0x88 ./Core/Src/button.o
 .debug_macro   0x000000000001537c       0x10 ./Core/Src/button.o
 .debug_macro   0x000000000001538c      0x1e1 ./Core/Src/fsm.o
 .debug_macro   0x000000000001556d      0x1d7 ./Core/Src/global.o
 .debug_macro   0x0000000000015744       0x16 ./Core/Src/global.o
 .debug_macro   0x000000000001575a      0x1df ./Core/Src/main.o
 .debug_macro   0x0000000000015939       0x1b ./Core/Src/software_timer.o
 .debug_macro   0x0000000000015954      0x1a7 ./Core/Src/stm32f1xx_hal_msp.o
 .debug_macro   0x0000000000015afb      0x1b1 ./Core/Src/stm32f1xx_it.o
 .debug_macro   0x0000000000015cac      0x198 ./Core/Src/system_stm32f1xx.o
 .debug_macro   0x0000000000015e44      0x1bc ./Drivers/STM32F1xx_HAL_Driver/Src/stm32f1xx_hal.o
 .debug_macro   0x0000000000016000      0x198 ./Drivers/STM32F1xx_HAL_Driver/Src/stm32f1xx_hal_cortex.o
 .debug_macro   0x0000000000016198      0x203 ./Drivers/STM32F1xx_HAL_Driver/Src/stm32f1xx_hal_gpio.o
 .debug_macro   0x000000000001639b      0x1aa ./Drivers/STM32F1xx_HAL_Driver/Src/stm32f1xx_hal_rcc.o
 .debug_macro   0x0000000000016545      0x199 ./Drivers/STM32F1xx_HAL_Driver/Src/stm32f1xx_hal_tim.o
 .debug_macro   0x00000000000166de      0x198 ./Drivers/STM32F1xx_HAL_Driver/Src/stm32f1xx_hal_tim_ex.o

.debug_line     0x0000000000000000     0xaa29
 .debug_line    0x0000000000000000      0x912 ./Core/Src/button.o
 .debug_line    0x0000000000000912      0x773 ./Core/Src/fsm.o
 .debug_line    0x0000000000001085      0x676 ./Core/Src/global.o
 .debug_line    0x00000000000016fb      0x7bb ./Core/Src/main.o
 .debug_line    0x0000000000001eb6       0xfe ./Core/Src/software_timer.o
 .debug_line    0x0000000000001fb4      0x6a1 ./Core/Src/stm32f1xx_hal_msp.o
 .debug_line    0x0000000000002655      0x73f ./Core/Src/stm32f1xx_it.o
 .debug_line    0x0000000000002d94      0x6e3 ./Core/Src/system_stm32f1xx.o
 .debug_line    0x0000000000003477       0x87 ./Core/Startup/startup_stm32f103c6ux.o
 .debug_line    0x00000000000034fe      0x910 ./Drivers/STM32F1xx_HAL_Driver/Src/stm32f1xx_hal.o
 .debug_line    0x0000000000003e0e      0xaf8 ./Drivers/STM32F1xx_HAL_Driver/Src/stm32f1xx_hal_cortex.o
 .debug_line    0x0000000000004906      0x991 ./Drivers/STM32F1xx_HAL_Driver/Src/stm32f1xx_hal_gpio.o
 .debug_line    0x0000000000005297      0xd1e ./Drivers/STM32F1xx_HAL_Driver/Src/stm32f1xx_hal_rcc.o
 .debug_line    0x0000000000005fb5     0x326e ./Drivers/STM32F1xx_HAL_Driver/Src/stm32f1xx_hal_tim.o
 .debug_line    0x0000000000009223     0x1806 ./Drivers/STM32F1xx_HAL_Driver/Src/stm32f1xx_hal_tim_ex.o

.debug_str      0x0000000000000000    0x81f4d
 .debug_str     0x0000000000000000    0x7f55c ./Core/Src/button.o
                                      0x7f8b6 (size before relaxing)
 .debug_str     0x000000000007f55c       0x35 ./Core/Src/fsm.o
                                      0x7f76a (size before relaxing)
 .debug_str     0x000000000007f591       0x15 ./Core/Src/global.o
                                      0x7f71f (size before relaxing)
 .debug_str     0x000000000007f5a6      0x6df ./Core/Src/main.o
                                      0x7fee0 (size before relaxing)
 .debug_str     0x000000000007fc85       0x86 ./Core/Src/software_timer.o
                                       0x2e20 (size before relaxing)
 .debug_str     0x000000000007fd0b      0x2ba ./Core/Src/stm32f1xx_hal_msp.o
                                      0x7fe5b (size before relaxing)
 .debug_str     0x000000000007ffc5       0xcd ./Core/Src/stm32f1xx_it.o
                                      0x7fbbd (size before relaxing)
 .debug_str     0x0000000000080092       0x52 ./Core/Src/system_stm32f1xx.o
                                      0x7f507 (size before relaxing)
 .debug_str     0x00000000000800e4       0x36 ./Core/Startup/startup_stm32f103c6ux.o
                                         0x72 (size before relaxing)
 .debug_str     0x000000000008011a      0x304 ./Drivers/STM32F1xx_HAL_Driver/Src/stm32f1xx_hal.o
                                      0x7fb5e (size before relaxing)
 .debug_str     0x000000000008041e      0x300 ./Drivers/STM32F1xx_HAL_Driver/Src/stm32f1xx_hal_cortex.o
                                      0x7fb66 (size before relaxing)
 .debug_str     0x000000000008071e      0x324 ./Drivers/STM32F1xx_HAL_Driver/Src/stm32f1xx_hal_gpio.o
                                      0x7f8cb (size before relaxing)
 .debug_str     0x0000000000080a42      0x24f ./Drivers/STM32F1xx_HAL_Driver/Src/stm32f1xx_hal_rcc.o
                                      0x7f904 (size before relaxing)
 .debug_str     0x0000000000080c91      0xdce ./Drivers/STM32F1xx_HAL_Driver/Src/stm32f1xx_hal_tim.o
                                      0x808d6 (size before relaxing)
 .debug_str     0x0000000000081a5f      0x4ee ./Drivers/STM32F1xx_HAL_Driver/Src/stm32f1xx_hal_tim_ex.o
                                      0x80087 (size before relaxing)

.comment        0x0000000000000000       0x53
 .comment       0x0000000000000000       0x53 ./Core/Src/button.o
                                         0x54 (size before relaxing)
 .comment       0x0000000000000053       0x54 ./Core/Src/fsm.o
 .comment       0x0000000000000053       0x54 ./Core/Src/global.o
 .comment       0x0000000000000053       0x54 ./Core/Src/main.o
 .comment       0x0000000000000053       0x54 ./Core/Src/software_timer.o
 .comment       0x0000000000000053       0x54 ./Core/Src/stm32f1xx_hal_msp.o
 .comment       0x0000000000000053       0x54 ./Core/Src/stm32f1xx_it.o
 .comment       0x0000000000000053       0x54 ./Core/Src/system_stm32f1xx.o
 .comment       0x0000000000000053       0x54 ./Drivers/STM32F1xx_HAL_Driver/Src/stm32f1xx_hal.o
 .comment       0x0000000000000053       0x54 ./Drivers/STM32F1xx_HAL_Driver/Src/stm32f1xx_hal_cortex.o
 .comment       0x0000000000000053       0x54 ./Drivers/STM32F1xx_HAL_Driver/Src/stm32f1xx_hal_gpio.o
 .comment       0x0000000000000053       0x54 ./Drivers/STM32F1xx_HAL_Driver/Src/stm32f1xx_hal_rcc.o
 .comment       0x0000000000000053       0x54 ./Drivers/STM32F1xx_HAL_Driver/Src/stm32f1xx_hal_tim.o
 .comment       0x0000000000000053       0x54 ./Drivers/STM32F1xx_HAL_Driver/Src/stm32f1xx_hal_tim_ex.o

.debug_frame    0x0000000000000000     0x27ec
 .debug_frame   0x0000000000000000      0x124 ./Core/Src/button.o
 .debug_frame   0x0000000000000124       0x54 ./Core/Src/fsm.o
 .debug_frame   0x0000000000000178       0xd4 ./Core/Src/main.o
 .debug_frame   0x000000000000024c       0xa8 ./Core/Src/software_timer.o
 .debug_frame   0x00000000000002f4       0x80 ./Core/Src/stm32f1xx_hal_msp.o
 .debug_frame   0x0000000000000374      0x120 ./Core/Src/stm32f1xx_it.o
 .debug_frame   0x0000000000000494       0x58 ./Core/Src/system_stm32f1xx.o
 .debug_frame   0x00000000000004ec      0x334 ./Drivers/STM32F1xx_HAL_Driver/Src/stm32f1xx_hal.o
 .debug_frame   0x0000000000000820      0x428 ./Drivers/STM32F1xx_HAL_Driver/Src/stm32f1xx_hal_cortex.o
 .debug_frame   0x0000000000000c48      0x14c ./Drivers/STM32F1xx_HAL_Driver/Src/stm32f1xx_hal_gpio.o
 .debug_frame   0x0000000000000d94      0x21c ./Drivers/STM32F1xx_HAL_Driver/Src/stm32f1xx_hal_rcc.o
 .debug_frame   0x0000000000000fb0     0x11b8 ./Drivers/STM32F1xx_HAL_Driver/Src/stm32f1xx_hal_tim.o
 .debug_frame   0x0000000000002168      0x638 ./Drivers/STM32F1xx_HAL_Driver/Src/stm32f1xx_hal_tim_ex.o
 .debug_frame   0x00000000000027a0       0x2c c:/st/stm32cubeide_1.7.0/stm32cubeide/plugins/com.st.stm32cube.ide.mcu.externaltools.gnu-tools-for-stm32.9-2020-q2-update.win32_2.0.0.202105311346/tools/bin/../lib/gcc/arm-none-eabi/9.3.1/../../../../arm-none-eabi/lib/thumb/v7-m/nofp\libc_nano.a(lib_a-init.o)
 .debug_frame   0x00000000000027cc       0x20 c:/st/stm32cubeide_1.7.0/stm32cubeide/plugins/com.st.stm32cube.ide.mcu.externaltools.gnu-tools-for-stm32.9-2020-q2-update.win32_2.0.0.202105311346/tools/bin/../lib/gcc/arm-none-eabi/9.3.1/../../../../arm-none-eabi/lib/thumb/v7-m/nofp\libc_nano.a(lib_a-memset.o)
